../Core/Src/main.c:131:5:main	88	static
../Core/Src/main.c:251:6:SystemClock_Config	88	static
../Core/Src/main.c:298:13:MX_TIM1_Init	80	static
../Core/Src/main.c:375:13:MX_TIM2_Init	56	static
../Core/Src/main.c:424:13:MX_TIM3_Init	56	static
../Core/Src/main.c:473:13:MX_TIM4_Init	56	static
../Core/Src/main.c:522:13:MX_TIM5_Init	56	static
../Core/Src/main.c:571:13:MX_GPIO_Init	48	static
../Core/Src/main.c:595:6:set_motor_direction	16	static
../Core/Src/main.c:599:6:set_motor_pulse	16	static
../Core/Src/main.c:603:10:get_encoder_count	8	static
../Core/Src/main.c:607:11:get_encoder_direction	8	static
../Core/Src/main.c:612:6:Altair_Init	16	static
../Core/Src/main.c:656:6:Error_Handler	4	static,ignoring_inline_asm
